// Jest Snapshot v1, https://goo.gl/fbAQLP

exports[`matches the snapshot 1`] = `
<div>
  <div
    class="css-6j9z3r"
  />
</div>
`;

exports[`matches the snapshot 2`] = `
<div>
  <div
    class="css-6j9z3r"
  >
    <div
      class="css-1i2ycdn"
    >
      <div
        class="css-vlngyz"
      >
        <h2
          class="css-ot5b10"
        >
          Health Gateway
        </h2>
        <h2
          class="css-1v5xz9b"
        />
        <p
          class="css-3zufbi"
        >
          CITZ
        </p>
        <p
          class="css-1wt0db7"
        >
          Project owner:
        </p>
        <p
          class="css-1wt0db7"
        >
          jane@example.com
        </p>
        <p
          class="css-1wt0db7"
        >
          Technical contact:
        </p>
        <p
          class="css-1wt0db7"
        >
          jim@example.com
        </p>
      </div>
    </div>
    <div
      class="css-1i2ycdn"
    >
      <div
        class="css-vlngyz"
      >
        <h2
          class="css-ot5b10"
        >
          EPIC
        </h2>
        <h2
          class="css-1v5xz9b"
        >
          Hello World
        </h2>
        <p
          class="css-3zufbi"
        >
          CITZ
        </p>
        <p
          class="css-1wt0db7"
        >
          Project owner:
        </p>
        <p
          class="css-1wt0db7"
        >
          jane@example.com
        </p>
        <p
          class="css-1wt0db7"
        >
          Technical contact:
        </p>
        <p
          class="css-1wt0db7"
        >
          jim@example.com
        </p>
      </div>
    </div>
  </div>
</div>
`;
