// Jest Snapshot v1, https://goo.gl/fbAQLP

exports[`Contact event handlers A contact is created 1`] = `
Array [
  Array [
    Object {
      "text": "
        INSERT INTO contact
          (first_name, last_name, email, github_id, role_id)
          VALUES ($1, $2, $3, $4, $5) RETURNING *;",
      "values": Array [
        "John",
        "Doe",
        "john@example.com",
        "john1100",
        2,
      ],
    },
  ],
]
`;

exports[`Contact event handlers A contact is created 2`] = `201`;

exports[`Contact event handlers A contact is created 3`] = `
Object {
  "createdAt": "2020-09-10T18:14:13.304Z",
  "email": "john@example.com",
  "firstName": "John",
  "githubId": "john1100",
  "id": 2,
  "lastName": "Doe",
  "roleId": 2,
  "updatedAt": "2020-09-10T18:14:13.304Z",
}
`;
