// Jest Snapshot v1, https://goo.gl/fbAQLP

exports[`Services Contact details are returned 1`] = `
Array [
  Object {
    "archived": false,
    "createdAt": "2020-09-10T18:14:13.436Z",
    "email": "jane@example.com",
    "firstName": "Jane",
    "githubId": "jane1100",
    "id": 1,
    "lastName": "Doe",
    "roleId": 1,
    "updatedAt": "2020-09-10T18:14:13.436Z",
  },
  Object {
    "archived": false,
    "createdAt": "2020-09-10T18:14:13.436Z",
    "email": "jim@example.com",
    "firstName": "Jim",
    "githubId": "jim1100",
    "id": 2,
    "lastName": "Doe",
    "roleId": 2,
    "updatedAt": "2020-09-10T18:14:13.436Z",
  },
]
`;

exports[`Services Contact details are returned 2`] = `
Array [
  Array [
    Object {
      "text": "
        SELECT contact.*
          FROM contact
          JOIN profile_contact ON contact.id = profile_contact.contact_id
            WHERE profile_contact.profile_id = $1;
      ",
      "values": Array [
        12345,
      ],
    },
  ],
]
`;

exports[`Services Contact details not returned 1`] = `Array []`;

exports[`Services Contact details not returned 2`] = `
Array [
  Array [
    Object {
      "text": "
        SELECT contact.*
          FROM contact
          JOIN profile_contact ON contact.id = profile_contact.contact_id
            WHERE profile_contact.profile_id = $1;
      ",
      "values": Array [
        12345,
      ],
    },
  ],
]
`;

exports[`Services Provisioning completed message is sent 1`] = `
Object {
  "messages": Array [
    Object {
      "messageId": "wcjrijro-6fca-4a78-ba16-fb93d094daa3",
      "to": Array [
        "phill@example.com",
      ],
    },
  ],
  "transactionId": "wcjrijro-5fd9-499b-8368-72b70196cf55",
}
`;

exports[`Services Provisioning started message is sent 1`] = `
Object {
  "messages": Array [
    Object {
      "messageId": "wcjrijro-6fca-4a78-ba16-fb93d094daa3",
      "to": Array [
        "phill@example.com",
      ],
    },
  ],
  "transactionId": "wcjrijro-5fd9-499b-8368-72b70196cf55",
}
`;
