// Jest Snapshot v1, https://goo.gl/fbAQLP

exports[`Sync event handlers All ids of profiles under pending edit / create are returned 1`] = `200`;

exports[`Sync event handlers All ids of profiles under pending edit / create are returned 2`] = `
Array [
  118,
]
`;

exports[`Sync event handlers All provisioned profile ids are returned 1`] = `200`;

exports[`Sync event handlers All provisioned profile ids are returned 2`] = `
Array [
  118,
]
`;

exports[`Sync event handlers Fetch all ids of profiles under pending edit / create should throw 1`] = `"Unable fetch all profile ids that are under pending edit"`;

exports[`Sync event handlers Fetch all provisioned profile ids should throw 1`] = `"Unable fetch all provisioned profile ids"`;
