// Jest Snapshot v1, https://goo.gl/fbAQLP

exports[`Sync event handlers All ids of profiles under pending edit / create are returned 1`] = `200`;

exports[`Sync event handlers All ids of profiles under pending edit / create are returned 2`] = `
Array [
  118,
]
`;

exports[`Sync event handlers All provisioned profile ids are returned 1`] = `200`;

exports[`Sync event handlers All provisioned profile ids are returned 2`] = `
Array [
  118,
]
`;

exports[`Sync event handlers Bot json object for a queried profile under pending edit / create is returned 1`] = `200`;

exports[`Sync event handlers Bot json object for a queried profile under pending edit / create is returned 2`] = `""`;

exports[`Sync event handlers Bot json object for a queried profile under pending edit / create should throw 1`] = `
"Unable to get profile (currently under pending edit / create) bot json
    for profile ID undefined"
`;

exports[`Sync event handlers Bot json object for a queried provisioned profile is returned 1`] = `200`;

exports[`Sync event handlers Bot json object for a queried provisioned profile is returned 2`] = `""`;

exports[`Sync event handlers Bot json object for a queried provisioned profile should throw 1`] = `"Unable get provisioned profile bot json for profile ID 1"`;

exports[`Sync event handlers Fetch all ids of profiles under pending edit / create should throw 1`] = `"Unable fetch all profile ids that are under pending edit"`;

exports[`Sync event handlers Fetch all provisioned profile ids should throw 1`] = `"Unable fetch all provisioned profile ids"`;
