// Jest Snapshot v1, https://goo.gl/fbAQLP

exports[`Sync event handlers All ids of profiles under pending edit / create are returned 1`] = `200`;

exports[`Sync event handlers All ids of profiles under pending edit / create are returned 2`] = `
Array [
  118,
]
`;

exports[`Sync event handlers All provisioned profile ids are returned 1`] = `200`;

exports[`Sync event handlers All provisioned profile ids are returned 2`] = `
Array [
  118,
]
`;

exports[`Sync event handlers Bot json object for a queried profile under pending edit / create is returned 1`] = `200`;

exports[`Sync event handlers Bot json object for a queried profile under pending edit / create is returned 2`] = `
Object {
  "displayName": "Project X",
  "namespaces": Array [
    Object {
      "clusters": Array [
        Object {
          "clusterId": 1,
          "name": "kam",
          "provisioned": false,
          "quotas": Object {
            "cpu": "small",
            "memory": "small",
            "storage": "small",
          },
        },
      ],
      "name": "4ea35c-tools",
      "namespaceId": 149,
    },
    Object {
      "clusters": Array [
        Object {
          "clusterId": 1,
          "name": "kam",
          "provisioned": false,
          "quotas": Object {
            "cpu": "small",
            "memory": "small",
            "storage": "small",
          },
        },
      ],
      "name": "4ea35c-test",
      "namespaceId": 151,
    },
    Object {
      "clusters": Array [
        Object {
          "clusterId": 1,
          "name": "kam",
          "provisioned": false,
          "quotas": Object {
            "cpu": "small",
            "memory": "small",
            "storage": "small",
          },
        },
      ],
      "name": "4ea35c-dev",
      "namespaceId": 150,
    },
    Object {
      "clusters": Array [
        Object {
          "clusterId": 1,
          "name": "kam",
          "provisioned": false,
          "quotas": Object {
            "cpu": "small",
            "memory": "small",
            "storage": "small",
          },
        },
      ],
      "name": "4ea35c-prod",
      "namespaceId": 152,
    },
  ],
  "profileId": 118,
  "technicalContact": Object {
    "githubId": "jim1100",
  },
}
`;

exports[`Sync event handlers Bot json object for a queried provisioned profile is returned 1`] = `200`;

exports[`Sync event handlers Bot json object for a queried provisioned profile is returned 2`] = `
Object {
  "displayName": "Project X",
  "namespaces": Array [
    Object {
      "clusters": Array [
        Object {
          "clusterId": 1,
          "name": "kam",
          "provisioned": false,
          "quotas": Object {
            "cpu": "small",
            "memory": "small",
            "storage": "small",
          },
        },
      ],
      "name": "4ea35c-tools",
      "namespaceId": 149,
    },
    Object {
      "clusters": Array [
        Object {
          "clusterId": 1,
          "name": "kam",
          "provisioned": false,
          "quotas": Object {
            "cpu": "small",
            "memory": "small",
            "storage": "small",
          },
        },
      ],
      "name": "4ea35c-test",
      "namespaceId": 151,
    },
    Object {
      "clusters": Array [
        Object {
          "clusterId": 1,
          "name": "kam",
          "provisioned": false,
          "quotas": Object {
            "cpu": "small",
            "memory": "small",
            "storage": "small",
          },
        },
      ],
      "name": "4ea35c-dev",
      "namespaceId": 150,
    },
    Object {
      "clusters": Array [
        Object {
          "clusterId": 1,
          "name": "kam",
          "provisioned": false,
          "quotas": Object {
            "cpu": "small",
            "memory": "small",
            "storage": "small",
          },
        },
      ],
      "name": "4ea35c-prod",
      "namespaceId": 152,
    },
  ],
  "profileId": 118,
  "technicalContact": Object {
    "githubId": "jim1100",
  },
}
`;

exports[`Sync event handlers Bot json object for a queried provisioned profile should throw 1`] = `"Unable get provisioned profile bot json for profile ID 1"`;

exports[`Sync event handlers Fetch all ids of profiles under pending edit / create should throw 1`] = `"Unable fetch all profile ids that are under pending edit"`;

exports[`Sync event handlers Fetch all provisioned profile ids should throw 1`] = `"Unable fetch all provisioned profile ids"`;
